[2023-09-08 17:31:22,229: INFO: main: >>>>>> stage Data Ingestion stage started <<<<<<]
[2023-09-08 17:31:22,250: INFO: common: yaml file: config\config.yaml loaded successfully]
[2023-09-08 17:31:22,325: INFO: common: yaml file: params.yaml loaded successfully]
[2023-09-08 17:31:22,327: ERROR: main: yaml file is empty]
Traceback (most recent call last):
  File "d:\NLP\NLP-Summarize-Text\src\textSummarizer\utils\common.py", line 30, in read_yaml
    return ConfigBox(content)
  File "box\box.py", line 259, in box.box.Box.__init__
box.exceptions.BoxValueError: First argument must be mapping or iterable

During handling of the above exception, another exception occurred:

Traceback (most recent call last):
  File "d:/NLP/NLP-Summarize-Text/main.py", line 10, in <module>
    data_ingestion.main()
  File "d:\NLP\NLP-Summarize-Text\src\textSummarizer\pipeline\stage_01_data_ingestion.py", line 11, in main
    config = ConfigurationManager()
  File "d:\NLP\NLP-Summarize-Text\src\textSummarizer\config\configuration.py", line 17, in __init__
    self.params = read_yaml(params_filepath)
  File "D:\AnacondaProjects\envs\Deep_Learning_38\lib\site-packages\ensure\main.py", line 872, in __call__
    return_val = self.f(*args, **kwargs)
  File "d:\NLP\NLP-Summarize-Text\src\textSummarizer\utils\common.py", line 32, in read_yaml
    raise ValueError("yaml file is empty")
ValueError: yaml file is empty
[2023-09-08 17:32:57,171: INFO: main: >>>>>> stage Data Ingestion stage started <<<<<<]
[2023-09-08 17:32:57,175: INFO: common: yaml file: config\config.yaml loaded successfully]
[2023-09-08 17:32:57,176: INFO: common: yaml file: params.yaml loaded successfully]
[2023-09-08 17:32:57,186: INFO: common: created directory at: artifacts]
[2023-09-08 17:32:57,187: INFO: common: created directory at: artifacts/data_ingestion]
[2023-09-08 17:32:57,188: ERROR: main: expected string or bytes-like object]
Traceback (most recent call last):
  File "d:/NLP/NLP-Summarize-Text/main.py", line 10, in <module>
    data_ingestion.main()
  File "d:\NLP\NLP-Summarize-Text\src\textSummarizer\pipeline\stage_01_data_ingestion.py", line 14, in main
    data_ingestion.download_file()
  File "d:\NLP\NLP-Summarize-Text\src\textSummarizer\components\data_ingestion.py", line 18, in download_file
    filename, headers = request.urlretrieve(
  File "D:\AnacondaProjects\envs\Deep_Learning_38\lib\urllib\request.py", line 245, in urlretrieve
    url_type, path = _splittype(url)
  File "D:\AnacondaProjects\envs\Deep_Learning_38\lib\urllib\parse.py", line 1030, in _splittype
    match = _typeprog.match(url)
TypeError: expected string or bytes-like object
[2023-09-08 17:35:10,106: INFO: main: >>>>>> stage Data Ingestion stage started <<<<<<]
[2023-09-08 17:35:10,111: INFO: common: yaml file: config\config.yaml loaded successfully]
[2023-09-08 17:35:10,112: INFO: common: yaml file: params.yaml loaded successfully]
[2023-09-08 17:35:10,112: INFO: common: created directory at: artifacts]
[2023-09-08 17:35:10,113: INFO: common: created directory at: artifacts/data_ingestion]
[2023-09-08 17:35:11,488: INFO: data_ingestion: artifacts/data_ingestion/data.zip download! with following info: 
Connection: close
Content-Length: 7903594
Cache-Control: max-age=300
Content-Security-Policy: default-src 'none'; style-src 'unsafe-inline'; sandbox
Content-Type: application/zip
ETag: "dbc016a060da18070593b83afff580c9b300f0b6ea4147a7988433e04df246ca"
Strict-Transport-Security: max-age=31536000
X-Content-Type-Options: nosniff
X-Frame-Options: deny
X-XSS-Protection: 1; mode=block
X-GitHub-Request-Id: 117A:6CFA:ABE11C:CC6459:64FBBDBB
Accept-Ranges: bytes
Date: Sat, 09 Sep 2023 00:35:11 GMT
Via: 1.1 varnish
X-Served-By: cache-bur-kbur8200097-BUR
X-Cache: MISS
X-Cache-Hits: 0
X-Timer: S1694219711.106095,VS0,VE299
Vary: Authorization,Accept-Encoding,Origin
Access-Control-Allow-Origin: *
Cross-Origin-Resource-Policy: cross-origin
X-Fastly-Request-ID: 0c6cf0a970eded75c53f4ca4cf2b022a49326fb0
Expires: Sat, 09 Sep 2023 00:40:11 GMT
Source-Age: 0

]
[2023-09-08 17:35:11,769: INFO: main: >>>>>> stage Data Ingestion stage completed <<<<<<

x==========x]
[2023-09-20 15:54:59,536: INFO: main: >>>>>> stage Data Ingestion stage started <<<<<<]
[2023-09-20 15:54:59,646: INFO: common: yaml file: config\config.yaml loaded successfully]
[2023-09-20 15:54:59,667: INFO: common: yaml file: params.yaml loaded successfully]
[2023-09-20 15:54:59,670: INFO: common: created directory at: artifacts]
[2023-09-20 15:54:59,672: INFO: common: created directory at: artifacts/data_ingestion]
[2023-09-20 15:54:59,674: INFO: data_ingestion: File already exists of size: ~ 7718 KB]
[2023-09-20 15:55:00,501: INFO: main: >>>>>> stage Data Ingestion stage completed <<<<<<

x==========x]
[2023-09-21 13:08:05,989: INFO: main: >>>>>> stage Data Ingestion stage started <<<<<<]
[2023-09-21 13:08:06,101: INFO: common: yaml file: config\config.yaml loaded successfully]
[2023-09-21 13:08:06,130: INFO: common: yaml file: params.yaml loaded successfully]
[2023-09-21 13:08:06,141: INFO: common: created directory at: artifacts]
[2023-09-21 13:08:06,143: INFO: common: created directory at: artifacts/data_ingestion]
[2023-09-21 13:08:06,146: INFO: data_ingestion: File already exists of size: ~ 7718 KB]
[2023-09-21 13:08:06,850: INFO: main: >>>>>> stage Data Ingestion stage completed <<<<<<

x==========x]
[2023-09-21 13:08:06,852: INFO: main: >>>>>> stage Data Validation stage started <<<<<<]
[2023-09-21 13:08:06,888: INFO: common: yaml file: config\config.yaml loaded successfully]
[2023-09-21 13:08:06,893: INFO: common: yaml file: params.yaml loaded successfully]
[2023-09-21 13:08:06,897: INFO: common: created directory at: artifacts]
[2023-09-21 13:08:06,900: INFO: common: created directory at: artifacts/data_validation]
[2023-09-21 13:08:06,908: INFO: main: >>>>>> stage Data Validation stage completed <<<<<<

x==========x]
[2023-09-22 12:06:04,734: INFO: utils: NumExpr defaulting to 8 threads.]
[2023-09-22 12:13:46,896: INFO: utils: NumExpr defaulting to 8 threads.]
[2023-09-22 12:14:09,841: INFO: utils: NumExpr defaulting to 8 threads.]
[2023-09-22 12:14:11,496: INFO: main: >>>>>> stage Data Ingestion stage started <<<<<<]
[2023-09-22 12:14:11,517: INFO: common: yaml file: config\config.yaml loaded successfully]
[2023-09-22 12:14:11,550: INFO: common: yaml file: params.yaml loaded successfully]
[2023-09-22 12:14:11,552: INFO: common: created directory at: artifacts]
[2023-09-22 12:14:11,552: INFO: common: created directory at: artifacts/data_ingestion]
[2023-09-22 12:14:11,552: INFO: data_ingestion: File already exists of size: ~ 7718 KB]
[2023-09-22 12:14:11,859: INFO: main: >>>>>> stage Data Ingestion stage completed <<<<<<

x==========x]
[2023-09-22 12:14:11,859: INFO: main: >>>>>> stage Data Validation stage started <<<<<<]
[2023-09-22 12:14:11,868: INFO: common: yaml file: config\config.yaml loaded successfully]
[2023-09-22 12:14:11,870: INFO: common: yaml file: params.yaml loaded successfully]
[2023-09-22 12:14:11,871: INFO: common: created directory at: artifacts]
[2023-09-22 12:14:11,871: INFO: common: created directory at: artifacts/data_validation]
[2023-09-22 12:14:11,873: INFO: main: >>>>>> stage Data Validation stage completed <<<<<<

x==========x]
[2023-09-22 12:14:11,874: INFO: main: >>>>>> stage Data Transformation stage started <<<<<<]
[2023-09-22 12:14:11,884: INFO: common: yaml file: config\config.yaml loaded successfully]
[2023-09-22 12:14:11,886: INFO: common: yaml file: params.yaml loaded successfully]
[2023-09-22 12:14:11,887: INFO: common: created directory at: artifacts]
[2023-09-22 12:14:11,888: INFO: common: created directory at: artifacts/data_transformation]
[2023-09-22 12:14:14,339: ERROR: main: Couldn't instantiate the backend tokenizer from one of: 
(1) a `tokenizers` library serialization file, 
(2) a slow tokenizer instance to convert or 
(3) an equivalent slow tokenizer class to instantiate and convert. 
You need to have sentencepiece installed to convert a slow tokenizer to a fast one.]
Traceback (most recent call last):
  File "d:/NLP/NLP-Summarize-Text/main.py", line 33, in <module>
    data_transformation.main()
  File "d:\NLP\NLP-Summarize-Text\src\textSummarizer\pipeline\stage_03_data_transformation.py", line 11, in main
    data_transformation = DataTransformation(config=data_transformation_config)
  File "d:\NLP\NLP-Summarize-Text\src\textSummarizer\components\data_transformation.py", line 12, in __init__
    self.tokenizer = AutoTokenizer.from_pretrained(config.tokenizer_name)
  File "D:\AnacondaProjects\envs\Deep_Learning_38\lib\site-packages\transformers\models\auto\tokenization_auto.py", line 637, in from_pretrained
    return tokenizer_class_fast.from_pretrained(pretrained_model_name_or_path, *inputs, **kwargs)
  File "D:\AnacondaProjects\envs\Deep_Learning_38\lib\site-packages\transformers\tokenization_utils_base.py", line 1777, in from_pretrained
    return cls._from_pretrained(
  File "D:\AnacondaProjects\envs\Deep_Learning_38\lib\site-packages\transformers\tokenization_utils_base.py", line 1932, in _from_pretrained
    tokenizer = cls(*init_inputs, **init_kwargs)
  File "D:\AnacondaProjects\envs\Deep_Learning_38\lib\site-packages\transformers\models\pegasus\tokenization_pegasus_fast.py", line 142, in __init__
    super().__init__(
  File "D:\AnacondaProjects\envs\Deep_Learning_38\lib\site-packages\transformers\tokenization_utils_fast.py", line 120, in __init__
    raise ValueError(
ValueError: Couldn't instantiate the backend tokenizer from one of: 
(1) a `tokenizers` library serialization file, 
(2) a slow tokenizer instance to convert or 
(3) an equivalent slow tokenizer class to instantiate and convert. 
You need to have sentencepiece installed to convert a slow tokenizer to a fast one.
[2023-09-22 12:51:01,833: INFO: utils: NumExpr defaulting to 8 threads.]
[2023-09-22 12:51:25,616: INFO: main: >>>>>> stage Data Ingestion stage started <<<<<<]
[2023-09-22 12:51:25,654: INFO: common: yaml file: config\config.yaml loaded successfully]
[2023-09-22 12:51:25,670: INFO: common: yaml file: params.yaml loaded successfully]
[2023-09-22 12:51:25,672: INFO: common: created directory at: artifacts]
[2023-09-22 12:51:25,674: INFO: common: created directory at: artifacts/data_ingestion]
[2023-09-22 12:51:25,678: INFO: data_ingestion: File already exists of size: ~ 7718 KB]
[2023-09-22 12:51:26,171: INFO: main: >>>>>> stage Data Ingestion stage completed <<<<<<

x==========x]
[2023-09-22 12:51:26,172: INFO: main: >>>>>> stage Data Validation stage started <<<<<<]
[2023-09-22 12:51:26,185: INFO: common: yaml file: config\config.yaml loaded successfully]
[2023-09-22 12:51:26,186: INFO: common: yaml file: params.yaml loaded successfully]
[2023-09-22 12:51:26,187: INFO: common: created directory at: artifacts]
[2023-09-22 12:51:26,188: INFO: common: created directory at: artifacts/data_validation]
[2023-09-22 12:51:26,192: INFO: main: >>>>>> stage Data Validation stage completed <<<<<<

x==========x]
[2023-09-22 12:51:26,193: INFO: main: >>>>>> stage Data Transformation stage started <<<<<<]
[2023-09-22 12:51:26,209: INFO: common: yaml file: config\config.yaml loaded successfully]
[2023-09-22 12:51:26,211: INFO: common: yaml file: params.yaml loaded successfully]
[2023-09-22 12:51:26,212: INFO: common: created directory at: artifacts]
[2023-09-22 12:51:26,214: INFO: common: created directory at: artifacts/data_transformation]
[2023-09-22 12:51:41,163: INFO: main: >>>>>> stage Data Transformation stage completed <<<<<<

x==========x]
